[    0.000000] Linux version 4.15.0-184-generic (buildd@lcy02-amd64-006) (gcc version 7.5.0 (Ubuntu 7.5.0-3ubuntu1~18.04)) #194-Ubuntu SMP Thu Jun 2 18:54:48 UTC 2022 (Ubuntu 4.15.0-184.194-generic 4.15.18)
[    0.000000] Command line: BOOT_IMAGE=/boot/vmlinuz-4.15.0-184-generic root=LABEL=cloudimg-rootfs ro console=tty1 console=ttyS0
[    0.000000] KERNEL supported cpus:
[    0.000000]   Intel GenuineIntel
[    0.000000]   AMD AuthenticAMD
[    0.000000]   Centaur CentaurHauls
[    0.000000] x86/fpu: x87 FPU will use FXSAVE
[    0.000000] e820: BIOS-provided physical RAM map:
[    0.000000] BIOS-e820: [mem 0x0000000000000000-0x000000000009fbff] usable
[    0.000000] BIOS-e820: [mem 0x000000000009fc00-0x000000000009ffff] reserved
[    0.000000] BIOS-e820: [mem 0x00000000000f0000-0x00000000000fffff] reserved
[    0.000000] BIOS-e820: [mem 0x0000000000100000-0x000000003ffeffff] usable
[    0.000000] BIOS-e820: [mem 0x000000003fff0000-0x000000003fffffff] ACPI data
[    0.000000] BIOS-e820: [mem 0x00000000fec00000-0x00000000fec00fff] reserved
[    0.000000] BIOS-e820: [mem 0x00000000fee00000-0x00000000fee00fff] reserved
[    0.000000] BIOS-e820: [mem 0x00000000fffc0000-0x00000000ffffffff] reserved
[    0.000000] NX (Execute Disable) protection: active
[    0.000000] SMBIOS 2.5 present.
[    0.000000] DMI: innotek GmbH VirtualBox/VirtualBox, BIOS VirtualBox 12/01/2006
[    0.000000] Hypervisor detected: KVM
[    0.000000] e820: last_pfn = 0x3fff0 max_arch_pfn = 0x400000000
[    0.000000] MTRR: Disabled
[    0.000000] x86/PAT: MTRRs disabled, skipping PAT initialization too.
[    0.000000] CPU MTRRs all blank - virtualized system.
[    0.000000] x86/PAT: Configuration [0-7]: WB  WT  UC- UC  WB  WT  UC- UC  
[    0.000000] found SMP MP-table at [mem 0x0009fff0-0x0009ffff]
[    0.000000] Scanning 1 areas for low memory corruption
[    0.000000] RAMDISK: [mem 0x359c9000-0x36cdbfff]
[    0.000000] ACPI: Early table checksum verification disabled
[    0.000000] ACPI: RSDP 0x00000000000E0000 000024 (v02 VBOX  )
[    0.000000] ACPI: XSDT 0x000000003FFF0030 00003C (v01 VBOX   VBOXXSDT 00000001 ASL  00000061)
[    0.000000] ACPI: FACP 0x000000003FFF00F0 0000F4 (v04 VBOX   VBOXFACP 00000001 ASL  00000061)
[    0.000000] ACPI: DSDT 0x000000003FFF0470 002325 (v02 VBOX   VBOXBIOS 00000002 INTL 20100528)
[    0.000000] ACPI: FACS 0x000000003FFF0200 000040
[    0.000000] ACPI: FACS 0x000000003FFF0200 000040
[    0.000000] ACPI: APIC 0x000000003FFF0240 00005C (v02 VBOX   VBOXAPIC 00000001 ASL  00000061)
[    0.000000] ACPI: SSDT 0x000000003FFF02A0 0001CC (v01 VBOX   VBOXCPUT 00000002 INTL 20100528)
[    0.000000] ACPI: Reserving FACP table memory at [mem 0x3fff00f0-0x3fff01e3]
[    0.000000] ACPI: Reserving DSDT table memory at [mem 0x3fff0470-0x3fff2794]
[    0.000000] ACPI: Reserving FACS table memory at [mem 0x3fff0200-0x3fff023f]
[    0.000000] ACPI: Reserving FACS table memory at [mem 0x3fff0200-0x3fff023f]
[    0.000000] ACPI: Reserving APIC table memory at [mem 0x3fff0240-0x3fff029b]
[    0.000000] ACPI: Reserving SSDT table memory at [mem 0x3fff02a0-0x3fff046b]
[    0.000000] No NUMA configuration found
[    0.000000] Faking a node at [mem 0x0000000000000000-0x000000003ffeffff]
[    0.000000] NODE_DATA(0) allocated [mem 0x3ffc5000-0x3ffeffff]
[    0.000000] kvm-clock: cpu 0, msr 0:3ff44001, primary cpu clock
[    0.000000] kvm-clock: Using msrs 4b564d01 and 4b564d00
[    0.000000] kvm-clock: using sched offset of 4059515456 cycles
[    0.000000] clocksource: kvm-clock: mask: 0xffffffffffffffff max_cycles: 0x1cd42e4dffb, max_idle_ns: 881590591483 ns
[    0.000000] Zone ranges:
[    0.000000]   DMA      [mem 0x0000000000001000-0x0000000000ffffff]
[    0.000000]   DMA32    [mem 0x0000000001000000-0x000000003ffeffff]
[    0.000000]   Normal   empty
[    0.000000]   Device   empty
[    0.000000] Movable zone start for each node
[    0.000000] Early memory node ranges
[    0.000000]   node   0: [mem 0x0000000000001000-0x000000000009efff]
[    0.000000]   node   0: [mem 0x0000000000100000-0x000000003ffeffff]
[    0.000000] Reserved but unavailable: 104 pages
[    0.000000] Initmem setup node 0 [mem 0x0000000000001000-0x000000003ffeffff]
[    0.000000] ACPI: PM-Timer IO Port: 0x4008
[    0.000000] IOAPIC[0]: apic_id 2, version 32, address 0xfec00000, GSI 0-23
[    0.000000] ACPI: INT_SRC_OVR (bus 0 bus_irq 0 global_irq 2 dfl dfl)
[    0.000000] ACPI: INT_SRC_OVR (bus 0 bus_irq 9 global_irq 9 low level)
[    0.000000] Using ACPI (MADT) for SMP configuration information
[    0.000000] smpboot: Allowing 2 CPUs, 0 hotplug CPUs
[    0.000000] PM: Registered nosave memory: [mem 0x00000000-0x00000fff]
[    0.000000] PM: Registered nosave memory: [mem 0x0009f000-0x0009ffff]
[    0.000000] PM: Registered nosave memory: [mem 0x000a0000-0x000effff]
[    0.000000] PM: Registered nosave memory: [mem 0x000f0000-0x000fffff]
[    0.000000] e820: [mem 0x40000000-0xfebfffff] available for PCI devices
[    0.000000] Booting paravirtualized kernel on KVM
[    0.000000] clocksource: refined-jiffies: mask: 0xffffffff max_cycles: 0xffffffff, max_idle_ns: 7645519600211568 ns
[    0.000000] random: get_random_bytes called from start_kernel+0x99/0x500 with crng_init=0
[    0.000000] setup_percpu: NR_CPUS:8192 nr_cpumask_bits:2 nr_cpu_ids:2 nr_node_ids:1
[    0.000000] percpu: Embedded 50 pages/cpu s167936 r8192 d28672 u1048576
[    0.000000] PV qspinlock hash table entries: 256 (order: 0, 4096 bytes)
[    0.000000] Built 1 zonelists, mobility grouping on.  Total pages: 257913
[    0.000000] Policy zone: DMA32
[    0.000000] Kernel command line: BOOT_IMAGE=/boot/vmlinuz-4.15.0-184-generic root=LABEL=cloudimg-rootfs ro console=tty1 console=ttyS0
[    0.000000] Memory: 982644K/1048120K available (12300K kernel code, 2484K rwdata, 4324K rodata, 2468K init, 2724K bss, 65476K reserved, 0K cma-reserved)
[    0.000000] SLUB: HWalign=64, Order=0-3, MinObjects=0, CPUs=2, Nodes=1
[    0.000000] ftrace: allocating 39508 entries in 155 pages
[    0.004000] Hierarchical RCU implementation.
[    0.004000] 	RCU restricting CPUs from NR_CPUS=8192 to nr_cpu_ids=2.
[    0.004000] 	Tasks RCU enabled.
[    0.004000] RCU: Adjusting geometry for rcu_fanout_leaf=16, nr_cpu_ids=2
[    0.004000] NR_IRQS: 524544, nr_irqs: 440, preallocated irqs: 16
[    0.004000] Console: colour VGA+ 80x25
[    0.004000] console [tty1] enabled
[    0.004000] console [ttyS0] enabled
[    0.004000] ACPI: Core revision 20170831
[    0.004000] ACPI: 2 ACPI AML tables successfully acquired and loaded
[    0.004000] APIC: Switch to symmetric I/O mode setup
[    0.004000] ..TIMER: vector=0x30 apic1=0 pin1=2 apic2=-1 pin2=-1
[    0.004000] tsc: Detected 2304.006 MHz processor
[    0.004000] Calibrating delay loop (skipped) preset value.. 4608.01 BogoMIPS (lpj=9216024)
[    0.004000] pid_max: default: 32768 minimum: 301
[    0.004000] Security Framework initialized
[    0.004000] Yama: becoming mindful.
[    0.004000] AppArmor: AppArmor initialized
[    0.004000] Dentry cache hash table entries: 131072 (order: 8, 1048576 bytes)
[    0.004000] Inode-cache hash table entries: 65536 (order: 7, 524288 bytes)
[    0.004000] Mount-cache hash table entries: 2048 (order: 2, 16384 bytes)
[    0.004000] Mountpoint-cache hash table entries: 2048 (order: 2, 16384 bytes)
[    0.008541] Last level iTLB entries: 4KB 64, 2MB 8, 4MB 8
[    0.012000] Last level dTLB entries: 4KB 64, 2MB 0, 4MB 0, 1GB 4
[    0.012000] Spectre V1 : Mitigation: usercopy/swapgs barriers and __user pointer sanitization
[    0.012000] Spectre V2 : Mitigation: Enhanced IBRS
[    0.012000] Spectre V2 : Spectre v2 / SpectreRSB mitigation: Filling RSB on context switch
[    0.012000] Speculative Store Bypass: Vulnerable
[    0.012000] Freeing SMP alternatives memory: 36K
[    0.122544] smpboot: CPU0: Intel(R) Core(TM) i7-10510U CPU @ 1.80GHz (family: 0x6, model: 0x8e, stepping: 0xc)
[    0.124000] Performance Events: unsupported p6 CPU model 142 no PMU driver, software events only.
[    0.124000] Hierarchical SRCU implementation.
[    0.124000] NMI watchdog: Perf event create on CPU 0 failed with -2
[    0.124000] NMI watchdog: Perf NMI watchdog permanently disabled
[    0.124000] smp: Bringing up secondary CPUs ...
[    0.124000] x86: Booting SMP configuration:
[    0.124000] .... node  #0, CPUs:      #1
[    0.004000] kvm-clock: cpu 1, msr 0:3ff44041, secondary cpu clock
[    0.136007] smp: Brought up 1 node, 2 CPUs
[    0.139576] smpboot: Max logical packages: 1
[    0.140000] smpboot: Total of 2 processors activated (9216.02 BogoMIPS)
[    0.144090] devtmpfs: initialized
[    0.147111] x86/mm: Memory block size: 128MB
[    0.148000] evm: security.selinux
[    0.148000] evm: security.SMACK64
[    0.148000] evm: security.SMACK64EXEC
[    0.148000] evm: security.SMACK64TRANSMUTE
[    0.148000] evm: security.SMACK64MMAP
[    0.148000] evm: security.apparmor
[    0.148000] evm: security.ima
[    0.148000] evm: security.capability
[    0.148599] clocksource: jiffies: mask: 0xffffffff max_cycles: 0xffffffff, max_idle_ns: 7645041785100000 ns
[    0.152000] futex hash table entries: 512 (order: 3, 32768 bytes)
[    0.152000] pinctrl core: initialized pinctrl subsystem
[    0.152000] RTC time:  1:17:41, date: 06/12/22
[    0.152000] NET: Registered protocol family 16
[    0.152000] audit: initializing netlink subsys (disabled)
[    0.152261] audit: type=2000 audit(1654996667.133:1): state=initialized audit_enabled=0 res=1
[    0.160132] cpuidle: using governor ladder
[    0.163378] cpuidle: using governor menu
[    0.164000] ACPI: bus type PCI registered
[    0.164000] acpiphp: ACPI Hot Plug PCI Controller Driver version: 0.5
[    0.164000] PCI: Using configuration type 1 for base access
[    0.172501] HugeTLB registered 2.00 MiB page size, pre-allocated 0 pages
[    0.180620] ACPI: Added _OSI(Module Device)
[    0.183611] ACPI: Added _OSI(Processor Device)
[    0.184000] ACPI: Added _OSI(3.0 _SCP Extensions)
[    0.184000] ACPI: Added _OSI(Processor Aggregator Device)
[    0.184000] ACPI: Added _OSI(Linux-Dell-Video)
[    0.184000] ACPI: Added _OSI(Linux-Lenovo-NV-HDMI-Audio)
[    0.184000] ACPI: Added _OSI(Linux-HPI-Hybrid-Graphics)
[    0.184626] ACPI: Executed 1 blocks of module-level executable AML code
[    0.192121] ACPI: Interpreter enabled
[    0.195831] ACPI: (supports S0 S5)
[    0.196000] ACPI: Using IOAPIC for interrupt routing
[    0.200345] PCI: Using host bridge windows from ACPI; if necessary, use "pci=nocrs" and report a bug
[    0.204000] ACPI: Enabled 2 GPEs in block 00 to 07
[    0.214319] ACPI: PCI Root Bridge [PCI0] (domain 0000 [bus 00-ff])
[    0.216000] acpi PNP0A03:00: _OSC: OS supports [ASPM ClockPM Segments MSI]
[    0.216780] acpi PNP0A03:00: _OSC: not requesting OS control; OS requires [ExtendedConfig ASPM ClockPM MSI]
[    0.220000] acpi PNP0A03:00: fail to add MMCONFIG information, can't access extended PCI configuration space under this bridge.
[    0.224548] PCI host bridge to bus 0000:00
[    0.227970] pci_bus 0000:00: root bus resource [io  0x0000-0x0cf7 window]
[    0.228000] pci_bus 0000:00: root bus resource [io  0x0d00-0xffff window]
[    0.228000] pci_bus 0000:00: root bus resource [mem 0x000a0000-0x000bffff window]
[    0.228000] pci_bus 0000:00: root bus resource [mem 0x40000000-0xfdffffff window]
[    0.228000] pci_bus 0000:00: root bus resource [bus 00-ff]
[    0.236000] pci 0000:00:01.1: legacy IDE quirk: reg 0x10: [io  0x01f0-0x01f7]
[    0.236000] pci 0000:00:01.1: legacy IDE quirk: reg 0x14: [io  0x03f6]
[    0.236000] pci 0000:00:01.1: legacy IDE quirk: reg 0x18: [io  0x0170-0x0177]
[    0.236000] pci 0000:00:01.1: legacy IDE quirk: reg 0x1c: [io  0x0376]
[    0.252000] pci 0000:00:07.0: quirk: [io  0x4000-0x403f] claimed by PIIX4 ACPI
[    0.252000] pci 0000:00:07.0: quirk: [io  0x4100-0x410f] claimed by PIIX4 SMB
[    0.259165] ACPI: PCI Interrupt Link [LNKA] (IRQs 5 9 10 *11)
[    0.260521] ACPI: PCI Interrupt Link [LNKB] (IRQs 5 9 *10 11)
[    0.264000] ACPI: PCI Interrupt Link [LNKC] (IRQs 5 *9 10 11)
[    0.264000] ACPI: PCI Interrupt Link [LNKD] (IRQs 5 9 10 *11)
[    0.264000] SCSI subsystem initialized
[    0.264295] pci 0000:00:02.0: vgaarb: setting as boot VGA device
[    0.268000] pci 0000:00:02.0: vgaarb: VGA device added: decodes=io+mem,owns=io+mem,locks=none
[    0.268000] pci 0000:00:02.0: vgaarb: bridge control possible
[    0.268000] vgaarb: loaded
[    0.268000] ACPI: bus type USB registered
[    0.268000] usbcore: registered new interface driver usbfs
[    0.268000] usbcore: registered new interface driver hub
[    0.268000] usbcore: registered new device driver usb
[    0.268312] EDAC MC: Ver: 3.0.0
[    0.272542] PCI: Using ACPI for IRQ routing
[    0.276000] NetLabel: Initializing
[    0.276000] NetLabel:  domain hash size = 128
[    0.276000] NetLabel:  protocols = UNLABELED CIPSOv4 CALIPSO
[    0.276000] NetLabel:  unlabeled traffic allowed by default
[    0.280357] clocksource: Switched to clocksource kvm-clock
[    0.284000] VFS: Disk quotas dquot_6.6.0
[    0.284000] VFS: Dquot-cache hash table entries: 512 (order 0, 4096 bytes)
[    0.284000] AppArmor: AppArmor Filesystem Enabled
[    0.284000] pnp: PnP ACPI init
[    0.339701] pnp: PnP ACPI: found 3 devices
[    0.385765] clocksource: acpi_pm: mask: 0xffffff max_cycles: 0xffffff, max_idle_ns: 2085701024 ns
[    0.388774] NET: Registered protocol family 2
[    0.388774] IP idents hash table entries: 16384 (order: 5, 131072 bytes)
[    0.388774] TCP established hash table entries: 8192 (order: 4, 65536 bytes)
[    0.401879] TCP bind hash table entries: 8192 (order: 5, 131072 bytes)
[    0.401879] TCP: Hash tables configured (established 8192 bind 8192)
[    0.401879] UDP hash table entries: 512 (order: 2, 16384 bytes)
[    0.401879] UDP-Lite hash table entries: 512 (order: 2, 16384 bytes)
[    0.401879] NET: Registered protocol family 1
[    0.401879] pci 0000:00:00.0: Limiting direct PCI/PCI transfers
[    0.401879] pci 0000:00:01.0: Activating ISA DMA hang workarounds
[    0.401879] pci 0000:00:02.0: Video device with shadowed ROM at [mem 0x000c0000-0x000dffff]
[    0.401879] Unpacking initramfs...
[    0.401879] Freeing initrd memory: 19532K
[    0.925557] clocksource: tsc: mask: 0xffffffffffffffff max_cycles: 0x2135fd711f6, max_idle_ns: 440795262176 ns
[    0.929274] platform rtc_cmos: registered platform RTC device (no PNP device found)
[    0.929274] Scanning for low memory corruption every 60 seconds
[    0.946515] Initialise system trusted keyrings
[    0.949713] Key type blacklist registered
[    0.953312] workingset: timestamp_bits=36 max_order=18 bucket_order=0
[    0.957080] zbud: loaded
[    0.962811] squashfs: version 4.0 (2009/01/31) Phillip Lougher
[    0.968344] fuse init (API version 7.26)
[    0.979966] Key type asymmetric registered
[    0.983444] Asymmetric key parser 'x509' registered
[    0.983701] Block layer SCSI generic (bsg) driver version 0.4 loaded (major 246)
[    0.994429] io scheduler noop registered
[    0.997694] io scheduler deadline registered
[    0.998212] io scheduler cfq registered (default)
[    1.005811] ACPI: AC Adapter [AC] (on-line)
[    1.009556] input: Power Button as /devices/LNXSYSTM:00/LNXPWRBN:00/input/input0
[    1.016369] ACPI: Power Button [PWRF]
[    1.019781] input: Sleep Button as /devices/LNXSYSTM:00/LNXSLPBN:00/input/input1
[    1.020186] ACPI: Sleep Button [SLPF]
[    1.031542] ACPI: Battery Slot [BAT0] (battery present)
[    1.032400] Serial: 8250/16550 driver, 32 ports, IRQ sharing enabled
[    1.072514] 00:02: ttyS0 at I/O 0x3f8 (irq = 4, base_baud = 115200) is a 16550A
[    1.076036] Linux agpgart interface v0.103
[    1.087360] loop: module loaded
[    1.092934] scsi host0: ata_piix
[    1.096760] scsi host1: ata_piix
[    1.099803] ata1: PATA max UDMA/33 cmd 0x1f0 ctl 0x3f6 bmdma 0xd000 irq 14
[    1.100753] ata2: PATA max UDMA/33 cmd 0x170 ctl 0x376 bmdma 0xd008 irq 15
[    1.104250] tun: Universal TUN/TAP device driver, 1.6
[    1.111266] PPP generic driver version 2.4.2
[    1.111266] ehci_hcd: USB 2.0 'Enhanced' Host Controller (EHCI) Driver
[    1.111266] ehci-pci: EHCI PCI platform driver
[    1.111266] ehci-platform: EHCI generic platform driver
[    1.111266] ohci_hcd: USB 1.1 'Open' Host Controller (OHCI) Driver
[    1.111266] ohci-pci: OHCI PCI platform driver
[    1.111266] ohci-platform: OHCI generic platform driver
[    1.111266] uhci_hcd: USB Universal Host Controller Interface driver
[    1.111266] i8042: PNP: PS/2 Controller [PNP0303:PS2K,PNP0f03:PS2M] at 0x60,0x64 irq 1,12
[    1.163408] serio: i8042 KBD port at 0x60,0x64 irq 1
[    1.165755] serio: i8042 AUX port at 0x60,0x64 irq 12
[    1.165755] mousedev: PS/2 mouse device common for all mice
[    1.179925] rtc_cmos rtc_cmos: rtc core: registered rtc_cmos as rtc0
[    1.182636] rtc_cmos rtc_cmos: alarms up to one day, 114 bytes nvram
[    1.182636] i2c /dev entries driver
[    1.182636] device-mapper: uevent: version 1.0.3
[    1.182636] device-mapper: ioctl: 4.37.0-ioctl (2017-09-20) initialised: dm-devel@redhat.com
[    1.205881] ledtrig-cpu: registered to indicate activity on CPUs
[    1.214584] NET: Registered protocol family 10
[    1.221513] input: AT Translated Set 2 keyboard as /devices/platform/i8042/serio0/input/input2
[    1.236421] Segment Routing with IPv6
[    1.239847] NET: Registered protocol family 17
[    1.244408] Key type dns_resolver registered
[    1.248783] mce: Using 0 MCE banks
[    1.251991] RAS: Correctable Errors collector initialized.
[    1.252475] sched_clock: Marking stable (1248475960, 0)->(2244198961, -995723001)
[    1.267049] registered taskstats version 1
[    1.270750] Loading compiled-in X.509 certificates
[    1.304157] Loaded X.509 cert 'Build time autogenerated kernel key: f4fd64d52b56c4436ddabe28dede97324cd2ad97'
[    1.313490] Loaded X.509 cert 'Canonical Ltd. Live Patch Signing: 14df34d1a87cf37625abec039ef2bf521249b969'
[    1.322116] Loaded X.509 cert 'Canonical Ltd. Kernel Module Signing: 88f752e560a1e0737e31163a466ad7b70a850c19'
[    1.330363] blacklist: Loading compiled-in revocation X.509 certificates
[    1.335887] Loaded X.509 cert 'Canonical Ltd. Secure Boot Signing: 61482aa2830d0ab2ad5af10b7250da9033ddcef0'
[    1.344126] zswap: loaded using pool lzo/zbud
[    1.355006] Key type big_key registered
[    1.359252] Key type trusted registered
[    1.364843] Key type encrypted registered
[    1.368929] AppArmor: AppArmor sha1 policy hashing enabled
[    1.374564] ima: No TPM chip found, activating TPM-bypass! (rc=-19)
[    1.381465] ima: Allocated hash algorithm: sha1
[    1.385408] evm: HMAC attrs: 0x1
[    1.388883]   Magic number: 10:722:255
[    1.392758] rtc_cmos rtc_cmos: setting system clock to 2022-06-12 01:17:43 UTC (1654996663)
[    1.399890] BIOS EDD facility v0.16 2004-Jun-25, 0 devices found
[    1.405165] EDD information not available.
[    1.413804] Freeing unused kernel image memory: 2468K
[    1.441374] Write protecting the kernel read-only data: 20480k
[    1.449314] Freeing unused kernel image memory: 2008K
[    1.454134] Freeing unused kernel image memory: 1820K
[    1.466435] x86/mm: Checked W+X mappings: passed, no W+X pages found.
Loading, please wait...
starting version 237
[    1.569061] e1000: Intel(R) PRO/1000 Network Driver - version 7.3.21-k8-NAPI
[    1.575008] Fusion MPT base driver 3.04.20
[    1.577007] e1000: Copyright (c) 1999-2006 Intel Corporation.
[    1.581264] Copyright (c) 1999-2008 LSI Corporation
[    1.646371] Fusion MPT SPI Host driver 3.04.20
[    2.171060] input: ImExPS/2 Generic Explorer Mouse as /devices/platform/i8042/serio1/input/input4
[    2.341660] e1000 0000:00:03.0 eth0: (PCI:33MHz:32-bit) 02:e0:b1:59:f4:9d
[    2.349112] e1000 0000:00:03.0 eth0: Intel(R) PRO/1000 Network Connection
[    2.357399] mptbase: ioc0: Initiating bringup
[    2.357761] e1000 0000:00:03.0 enp0s3: renamed from eth0
[    2.465976] ioc0: LSI53C1030 A0: Capabilities={Initiator}
[    2.752780] scsi host2: ioc0: LSI53C1030 A0, FwRev=00000000h, Ports=1, MaxQ=256, IRQ=20
[    2.939082] scsi 2:0:0:0: Direct-Access     VBOX     HARDDISK         1.0  PQ: 0 ANSI: 5
[    2.984508] scsi target2:0:0: Beginning Domain Validation
[    3.003722] scsi target2:0:0: Domain Validation skipping write tests
[    3.009679] scsi target2:0:0: Ending Domain Validation
[    3.015823] scsi target2:0:0: asynchronous
[    3.022819] scsi 2:0:1:0: Direct-Access     VBOX     HARDDISK         1.0  PQ: 0 ANSI: 5
[    3.056661] scsi target2:0:1: Beginning Domain Validation
[    3.073212] scsi target2:0:1: Domain Validation skipping write tests
[    3.079788] scsi target2:0:1: Ending Domain Validation
[    3.084987] random: fast init done
[    3.085057] scsi target2:0:1: asynchronous
[    3.106978] random: systemd-udevd: uninitialized urandom read (16 bytes read)
[    3.106983] sd 2:0:0:0: Attached scsi generic sg0 type 0
[    3.112775] random: systemd-udevd: uninitialized urandom read (16 bytes read)
[    3.119459] sd 2:0:1:0: Attached scsi generic sg1 type 0
[    3.124826] random: systemd-udevd: uninitialized urandom read (16 bytes read)
[    3.141492] sd 2:0:0:0: [sda] 83886080 512-byte logical blocks: (42.9 GB/40.0 GiB)
[    3.150729] sd 2:0:1:0: [sdb] 20480 512-byte logical blocks: (10.5 MB/10.0 MiB)
[    3.158879] sd 2:0:1:0: [sdb] Write Protect is off
[    3.164569] sd 2:0:0:0: [sda] Write Protect is off
[    3.171374] sd 2:0:1:0: [sdb] Incomplete mode parameter data
[    3.177287] sd 2:0:1:0: [sdb] Assuming drive cache: write through
[    3.183461] sd 2:0:0:0: [sda] Incomplete mode parameter data
[    3.188559] sd 2:0:0:0: [sda] Assuming drive cache: write through
[    3.200800]  sda: sda1
[    3.202590] sd 2:0:1:0: [sdb] Attached SCSI disk
[    3.213295] sd 2:0:0:0: [sda] Attached SCSI disk
Begin: Loading essential drivers ... [    5.712411] raid6: sse2x1   gen() 10307 MB/s
[    6.032648] raid6: sse2x1   xor()  6071 MB/s
[    7.032281] raid6: sse2x2   gen() 11398 MB/s
[    8.032137] raid6: sse2x2   xor()  7744 MB/s
[    9.032328] raid6: sse2x4   gen() 13084 MB/s
[   10.036192] raid6: sse2x4   xor()  8326 MB/s
[   10.039933] raid6: using algorithm sse2x4 gen() 13084 MB/s
[   10.043996] raid6: .... xor() 8326 MB/s, rmw enabled
[   10.047950] raid6: using ssse3x2 recovery algorithm
[   10.054723] xor: measuring software checksum speed
[   15.014701]    prefetch64-sse: 437511.704 MB/sec
[   15.122266]    generic_sse: 47540.000 MB/sec
[   15.126815] xor: using function: prefetch64-sse (437511.704 MB/sec)
[   15.134849] async_tx: api initialized (async)
done.
Begin: Running /scripts/init-premount ... done.
Begin: Mounting root file system ... Begin: Running /scripts/local-top ... done.
Begin: Running /scripts/local-premount ... [   15.204736] Btrfs loaded, crc32c=crc32c-intel
Scanning for Btrfs filesystems
done.
Warning: fsck not present, so skipping root file system
[   15.271882] EXT4-fs (sda1): mounted filesystem with ordered data mode. Opts: (null)
done.
Begin: Running /scripts/local-bottom ... done.
Begin: Running /scripts/init-bottom ... done.
[   15.482641] ip_tables: (C) 2000-2006 Netfilter Core Team
[   15.499028] systemd[1]: systemd 237 running in system mode. (+PAM +AUDIT +SELINUX +IMA +APPARMOR +SMACK +SYSVINIT +UTMP +LIBCRYPTSETUP +GCRYPT +GNUTLS +ACL +XZ +LZ4 +SECCOMP +BLKID +ELFUTILS +KMOD -IDN2 +IDN -PCRE2 default-hierarchy=hybrid)
[   15.515447] systemd[1]: Detected virtualization oracle.
[   15.520078] systemd[1]: Detected architecture x86-64.

Welcome to [1mUbuntu 18.04.6 LTS[0m!

[   15.550045] systemd[1]: Set hostname to <ubuntu>.
[   15.559636] systemd[1]: Initializing machine ID from random generator.
[   15.564780] systemd[1]: Installed transient /etc/machine-id file.
[   15.997226] systemd[1]: Reached target Swap.
[[0;32m  OK  [0m] Reached target Swap.
[   16.003264] systemd[1]: Set up automount Arbitrary Executable File Formats File System Automount Point.
[[0;32m  OK  [0m] Set up automount Arbitrary Executabâ€¦rmats File System Automount Point.
[   16.024364] systemd[1]: Created slice System Slice.
[[0;32m  OK  [0m] Created slice System Slice.
[   16.030686] systemd[1]: Listening on Journal Socket.
[[0;32m  OK  [0m] Listening on Journal Socket.
[[0;32m  OK  [0m] Listening on fsck to fsckd communication Socket.
         Starting File System Check on Root Device...
         Starting Load Kernel Modules...
[[0;32m  OK  [0m] Listening on LVM2 metadata daemon socket.
         Mounting Huge Pages File System...
[[0;32m  OK  [0m] Listening on LVM2 poll daemon socket.
[[0;32m  OK  [0m] Listening on Network Service Netlink Socket.
         Mounting Kernel Debug File System...
[[0;32m  OK  [0m] Listening on udev Control Socket.
[[0;32m  OK  [0m] Listening on udev Kernel Socket.
[[0;32m  OK  [0m] Reached target User and Group Name Lookups.
[[0;32m  OK  [0m] Reached target System Time Synchronized.
[[0;32m  OK  [0m] Listening on Journal Audit Socket.
[[0;32m  OK  [0m] Listening on Syslog Socket.
         Starting Uncomplicated firewall...
         Starting Set the console keyboard layout...
[   16.086801] Loading iSCSI transport class v2.0-870.
         Mounting POSIX Message Queue File System...
[[0;32m  OK  [0m] Created slice User and Session Slice.
[[0;32m  OK  [0m] Reached target Slices.
[[0;32m  OK  [0m] Created slice system-serial\x2dgetty.slice.
[[0;32m  OK  [0m] Listening on /dev/initctl Compatibility Named Pipe.
         Starting udev Coldplug all Devices...
[[0;32m  OK  [0m] Started Forward Password Requests to Wall Directory Watch.
         Starting Create list of required stâ€¦ce nodes for the current kernel...
[[0;32m  OK  [0m] Listening on Device-mapper event daemon FIFOs.
         Starting Monitoring of LVM2 mirrorsâ€¦ng dmeventd or progress polling...
[[0;32m  OK  [0m] Listening on Journal Socket (/dev/log).
         Starting Journal Service...
[[0;32m  OK  [0m] Mounted Huge Pages File System.
[[0;32m  OK  [0m] Mounted Kernel Debug File System.
[[0;32m  OK  [0m] Started Uncomplicated firewall.
[[0;32m  OK  [0m] Mounted POSIX Message Queue File System.
[[0;32m  OK  [0m] Started File System Check Daemon to report status.
[[0;32m  OK  [0m] Started File System Check on Root Device.
         Starting Remount Root and Kernel File Systems...
[[0;32m  OK  [0m] Started Create list of required staâ€¦vice nodes for the current kernel.
         Starting Create Static Device Nodes in /dev...
[[0;32m  OK  [0m] Started LVM2 metadata daemon.
[   16.317199] iscsi: registered transport (tcp)
[   16.344666] iscsi: registered transport (iser)
[[0;32m  OK  [0m] Started Load Kernel Modules.
         Mounting Kernel Configuration File System...
         Starting Apply Kernel Variables...
         Mounting FUSE Control File System...
[[0;32m  OK  [0m] Mounted Kernel Configuration File System.
[[0;32m  OK  [0m] Mounted FUSE Control File System.
[[0;32m  OK  [0m] Started Create Static Device Nodes in /dev.
[[0;32m  OK  [0m] Started Journal Service.
[[0;32m  OK  [0m] Started Remount Root and Kernel File Systems.
         Starting udev Kernel Device Manager...
         Starting Flush Journal to Persistent Storage...
         Starting Load/Save Random Seed...
[[0;32m  OK  [0m] Started Monitoring of LVM2 mirrors,â€¦sing dmeventd or progress polling.
[[0;32m  OK  [0m] Started Apply Kernel Variables.
[[0;32m  OK  [0m] Started udev Coldplug all Devices.
[[0;32m  OK  [0m] Started Load/Save Random Seed.
[[0;32m  OK  [0m] Started udev Kernel Device Manager.
[[0;32m  OK  [0m] Started Flush Journal to Persistent Storage.
[[0;32m  OK  [0m] Found device /dev/ttyS0.
[[0;32m  OK  [0m] Listening on Load/Save RF Kill Switch Status /dev/rfkill Watch.
[[0;32m  OK  [0m] Started Set the console keyboard layout.
[[0;32m  OK  [0m] Reached target Local File Systems (Pre).
[[0;32m  OK  [0m] Reached target Local File Systems.
         Starting Tell Plymouth To Write Out Runtime Data...
         Starting Set console font and keymap...
         Starting Commit a transient machine-id on disk...
         Starting ebtables ruleset management...
         Starting Create Volatile Files and Directories...
         Starting AppArmor initialization...
[[0;32m  OK  [0m] Started Dispatch Password Requests to Console Directory Watch.
[[0;32m  OK  [0m] Reached target Local Encrypted Volumes.
[[0;32m  OK  [0m] Started Tell Plymouth To Write Out Runtime Data.
[[0;32m  OK  [0m] Started Set console font and keymap.
[[0;32m  OK  [0m] Started Create Volatile Files and Directories.
         Starting Update UTMP about System Boot/Shutdown...
[[0;32m  OK  [0m] Started Update UTMP about System Boot/Shutdown.
[[0;32m  OK  [0m] Started Commit a transient machine-id on disk.
[[0;32m  OK  [0m] Started ebtables ruleset management.
[[0;32m  OK  [0m] Started AppArmor initialization.
         Starting Load AppArmor profiles managed internally by snapd...
         Starting Initial cloud-init job (pre-networking)...
[[0;32m  OK  [0m] Started Load AppArmor profiles managed internally by snapd.
[   21.781513] cloud-init[553]: Cloud-init v. 22.2-0ubuntu1~18.04.1 running 'init-local' at Sun, 12 Jun 2022 01:18:03 +0000. Up 21.12 seconds.
[[0;32m  OK  [0m] Started Initial cloud-init job (pre-networking).
[[0;32m  OK  [0m] Reached target Network (Pre).
         Starting Network Service...
[[0;32m  OK  [0m] Started Network Service.
         Starting Wait for Network to be Configured...
         Starting Network Name Resolution...
[[0;32m  OK  [0m] Started Network Name Resolution.
[[0;32m  OK  [0m] Reached target Network.
[[0;32m  OK  [0m] Reached target Host and Network Name Lookups.
[[0;32m  OK  [0m] Started Wait for Network to be Configured.
         Starting Initial cloud-init job (metadata service crawler)...
[   24.642188] cloud-init[673]: Cloud-init v. 22.2-0ubuntu1~18.04.1 running 'init' at Sun, 12 Jun 2022 01:18:06 +0000. Up 24.47 seconds.
[   24.649781] cloud-init[673]: ci-info: ++++++++++++++++++++++++++++++++++++++Net device info++++++++++++++++++++++++++++++++++++++
[   24.654793] cloud-init[673]: ci-info: +--------+------+----------------------------+---------------+--------+-------------------+
[   24.658744] cloud-init[673]: ci-info: | Device |  Up  |          Address           |      Mask     | Scope  |     Hw-Address    |
[   24.662697] cloud-init[673]: ci-info: +--------+------+----------------------------+---------------+--------+-------------------+
[   24.667159] cloud-init[673]: ci-info: | enp0s3 | True |         10.0.2.15          | 255.255.255.0 | global | 02:e0:b1:59:f4:9d |
[   24.671576] cloud-init[673]: ci-info: | enp0s3 | True | fe80::e0:b1ff:fe59:f49d/64 |       .       |  link  | 02:e0:b1:59:f4:9d |
[   24.676309] cloud-init[673]: ci-info: |   lo   | True |         127.0.0.1          |   255.0.0.0   |  host  |         .         |
[   24.681666] cloud-init[673]: ci-info: |   lo   | True |          ::1/128           |       .       |  host  |         .         |
[   24.686113] cloud-init[673]: ci-info: +--------+------+----------------------------+---------------+--------+-------------------+
[   24.692362] cloud-init[673]: ci-info: ++++++++++++++++++++++++++++Route IPv4 info+++++++++++++++++++++++++++++
[   24.696351] cloud-init[673]: ci-info: +-------+-------------+----------+-----------------+-----------+-------+
[   24.700237] cloud-init[673]: ci-info: | Route | Destination | Gateway  |     Genmask     | Interface | Flags |
[   24.704210] cloud-init[673]: ci-info: +-------+-------------+----------+-----------------+-----------+-------+
[   24.708287] cloud-init[673]: ci-info: |   0   |   0.0.0.0   | 10.0.2.2 |     0.0.0.0     |   enp0s3  |   UG  |
[   24.712265] cloud-init[673]: ci-info: |   1   |   10.0.2.0  | 0.0.0.0  |  255.255.255.0  |   enp0s3  |   U   |
[   24.716183] cloud-init[673]: ci-info: |   2   |   10.0.2.2  | 0.0.0.0  | 255.255.255.255 |   enp0s3  |   UH  |
[   24.720076] cloud-init[673]: ci-info: +-------+-------------+----------+-----------------+-----------+-------+
[   24.723072] cloud-init[673]: ci-info: +++++++++++++++++++Route IPv6 info+++++++++++++++++++
[   24.726167] cloud-init[673]: ci-info: +-------+-------------+---------+-----------+-------+
[   24.729542] cloud-init[673]: ci-info: | Route | Destination | Gateway | Interface | Flags |
[   24.732754] cloud-init[673]: ci-info: +-------+-------------+---------+-----------+-------+
[   24.735864] cloud-init[673]: ci-info: |   1   |  fe80::/64  |    ::   |   enp0s3  |   U   |
[   24.739323] cloud-init[673]: ci-info: |   3   |    local    |    ::   |   enp0s3  |   U   |
[   24.742035] cloud-init[673]: ci-info: |   4   |   ff00::/8  |    ::   |   enp0s3  |   U   |
[   24.745147] cloud-init[673]: ci-info: +-------+-------------+---------+-----------+-------+
[   26.051485] cloud-init[673]: Generating public/private rsa key pair.
[[0;32m  OK  [0m] Started Initial cloud-init job (metadata service crawler).
[   26.097165] cloud-init[673]: Your identification has been saved in /etc/ssh/ssh_host_rsa_key.[
[0;32m  OK  [0m] Reached target Network is Online.
[   26.103371] [cloud-init[0;32m  OK  [0m[673]: ] Your public key has been saved in /etc/ssh/ssh_host_rsa_key.pub.Reached target Remote File Systems (Pre).

[[0;32m  OK  [0m] Reached target Remote File Systems.[   26.107367] 
cloud-init[673]: The key fingerprint is:
         Starting Availability of block devices...
[[0;32m  OK  [0m] Reached target Cloud-config availability.
[[0;32m  OK  [0m] Reached target System Initialization.
         Starting Socket activation for snappy daemon.
[[0;32m  OK  [0m] Listening on cloud-init hotplug hook socket.
[[0;32m  OK  [0m] Listening on ACPID Listen Socket.
[   26.117533] cloud-init[673]: SHA256:sN4+yjTmUfmw05XineJjzYCUL9Y6bdv0KUG5HaArni8 root@ubuntu-bionic
[[0;32m  OK  [0m] Started Trigger to poll for Ubuntu â€¦(Only enabled on GCP LTS non-pro).
[[0;32m  OK  [0m] Listening on D-Bus System Message Bus Socket.
[[0;32m  OK  [0m] Started Discard unused blocks once a week.
[   26.154034] cloud-init[673]: The key's randomart image is:
[[0;32m  OK  [0m] Started ACPI Events Check.
[[   26.179139] [0;32m  OK  [0mcloud-init] [673]: Reached target Paths.+---[RSA 2048]----+

[[0;32m  OK  [0m] Started Message of the Day.
[   26.184281] cloud-init[673]: |                 |
[[0;32m  OK  [0m] Started Daily apt download activities.
[   26.187253] cloud-init[673]: |            .    |
[   26.191096] cloud-init[673]: |      .  . . o   |
[   26.193429] cloud-init[673]: |       oo.. o..  |
         Starting LXD - unix socket.
[[0;32m  OK  [0m] Started Daily Cleanup of Temporary Directories.
[[0;32m  OK  [0m] Listening on UUID daemon activation socket.
[   26.205432] cloud-init[673]: |      ..S+.ooo . |
[[0;32m  OK  [0m] Started Daily apt upgrade and clean activities.
[   26.213828] cloud-init[673]: |     . o=*=+o..  |
[[0;32m  OK  [0m] Listening on Open-iSCSI iscsid Socket.
[[   26.216342] [0;32m  OK  [0mcloud-init] [673]: Started Ubuntu Advantage Timer for running repeated jobs.|      *o+*=++.   |

[[0;32m  OK  [0m] Reached target Timers.
[   26.224341] cloud-init[673]: |     = +Eo=++. . |
[[0;32m  OK  [0m] Started Availability of block devices.
[   26.228338] cloud-init[673]: |      +..B+o..o  |
[[0;32m  OK  [0m] Listening on Socket activation for snappy daemon.
[   26.232321] cloud-init[673]: +----[SHA256]-----+
[[0;32m  OK  [0m] Listening on LXD - unix socket.
[   26.234655] cloud-init[673]: Generating public/private dsa key pair.
[   26.240373] cloud-init[673]: Your identification has been saved in /etc/ssh/ssh_host_dsa_key.
[[0;32m  OK  [0m] Reached target Sockets.
[[0;32m  OK  [0m] Reached target Basic System.
[   26.250291] cloud-init[673]: Your public key has been saved in /etc/ssh/ssh_host_dsa_key.pub.
[   26.257221] cloud-init[673]: The key fingerprint is:
         Starting Pollinate to seed the pseudo random number generator...
[   26.270733] cloud-init[673]: SHA256:s0lALUgEP109mvlkFSnh3cgft0UBE196i+YYVNPb7aw root@ubuntu-bionic
[   26.278123] cloud-init[673]: The key's randomart image is:
[   26.283455] cloud-init[673]: +---[DSA 1024]----+
[   26.287232] cloud-init[673]: |  .+o........O+.+|
[   26.288961] cloud-init[673]: |   ..o....+o+o++.|
[   26.291325] cloud-init[673]: |    o o. +.=+ +.B|
[   26.293105] cloud-init[673]: |     . .+ +  ..=*|
[   26.295359] cloud-init[673]: |        S+ . o.= |
[[0;32m  OK  [0m] Started Regular background program processing daemon.
[   26.301916] cloud-init[673]: |       . +. =   o|
[   26.315967] cloud-init[673]: |        o  . . . |
         Starting Accounts Service...
[   26.316155] cloud-init[673]: |              E  |
[   26.320654] cloud-init[673]: |                 |
[[0;32m  OK  [0m] Started FUSE filesystem for LXC.
[   26.333802] cloud-init[673]: +----[SHA256]-----+
[   26.340348] cloud-init[673]: Generating public/private ecdsa key pair.
[   26.342714] cloud-init[673]: Your identification has been saved in /etc/ssh/ssh_host_ecdsa_key.
[   26.346165] cloud-init[673]: Your public key has been saved in /etc/ssh/ssh_host_ecdsa_key.pub.
[   26.349364] cloud-init[673]: The key fingerprint is:
[   26.351020] cloud-init[673]: SHA256:lkgxTZuFAvhK909YyWEnMTgzoqvkN5QKrHhkLQp8aeM root@ubuntu-bionic
[   26.354212] cloud-init[673]: The key's randomart image is:
[   26.356207] cloud-init[673]: +---[ECDSA 256]---+
[   26.360353] cloud-init[673]: |   ...o++o.      |
[   26.362776] cloud-init[673]: |  . . *o*=.      |
[   26.365747] cloud-init[673]: |   o ..Bo=       |
[   26.367561] cloud-init[673]: |  o o. .+.       |
[   26.370233] cloud-init[673]: |o. =o..oS        |
[   26.372334] cloud-init[673]: |o+*B. o..        |
[   26.376545] cloud-init[673]: |B=*..  o         |
[   26.379226] cloud-init[673]: |=o.E    .        |
[   26.380942] cloud-init[673]: | .. .            |
[   26.383982] cloud-init[673]: +----[SHA256]-----+
[   26.385468] cloud-init[673]: Generating public/private ed25519 key pair.
[   26.387246] cloud-init[673]: Your identification has been saved in /etc/ssh/ssh_host_ed25519_key.
[   26.389982] cloud-init[673]: Your public key has been saved in /etc/ssh/ssh_host_ed25519_key.pub.
[[0;32m  OK  [0m] Started irqbalance daemon.
[   26.400199] cloud-init[673]: The key fingerprint is:
         Starting LSB: automatic crash report generation...[   26.411503] 
cloud-init[673]: SHA256:xOo77ZgRUwsdfJnlFAGjJi3NckSakK80IfqKbK0PFZ0 root@ubuntu-bionic
[   26.427296] cloud-init[673]: The key's randomart image is:
[[0;32m  OK  [0m] Started D-Bus System Message Bus.
[   26.432398] cloud-init[673]: +--[ED25519 256]--+
[   26.437301] cloud-init[673]: |    .. o+ o==o   |
[   26.439182] cloud-init[673]: |  . +..X.o++     |
[   26.440655] cloud-init[673]: | . o EB %.  .    |
[   26.442008] cloud-init[673]: |.   + .@ .       |
[   26.443182] cloud-init[673]: | . o o+ S        |
[   26.444940] cloud-init[673]: |  o .. o         |
[   26.447902] cloud-init[673]: |oo.   o.         |
[   26.450349] cloud-init[673]: |oo..  .=.        |
[   26.452772] cloud-init[673]: |..o.  +o.        |
[   26.454477] cloud-init[673]: +----[SHA256]-----+
         Starting Login Service...
         Starting LXD - container startup/shutdown...
         Starting System Logging Service...
         Starting Dispatcher daemon for systemd-networkd...
         Starting Virtualbox guest utils...
         Starting Permit User Sessions...
         Starting LSB: Record successful boot for GRUB...
         Starting Snap Daemon...
[[0;32m  OK  [0m] Started Deferred execution scheduler.
[[0;32m  OK  [0m] Started System Logging Service.
[[0;32m  OK  [0m] Started Permit User Sessions.
[[0;32m  OK  [0m] Started Login Service.
[[0;32m  OK  [0m] Started Unattended Upgrades Shutdown.
         Starting Authorization Manager...
         Starting Hold until boot process finishes up...
         Starting Terminate Plymouth Boot Screen...
[[0;32m  OK  [0m] Started Hold until boot process finishes up.
[[0;32m  OK  [0m] Started Terminate Plymouth Boot Screen.
[[0;32m  OK  [0m] Started Serial Getty on ttyS0.
         Starting Set console scheme...
[[0;32m  OK  [0m] Started LSB: automatic crash report generation.
[[0;32m  OK  [0m] Started LXD - container startup/shutdown.
[[0;32m  OK  [0m] Started Set console scheme.
[[0;32m  OK  [0m] Created slice system-getty.slice.
[[0;32m  OK  [0m] Started Getty on tty1.
[[0;32m  OK  [0m] Reached target Login Prompts.
[[0;32m  OK  [0m] Started Virtualbox guest utils.
[[0;32m  OK  [0m] Started LSB: Record successful boot for GRUB.
[[0;32m  OK  [0m] Started Authorization Manager.
[[0;32m  OK  [0m] Started Accounts Service.
[[0;32m  OK  [0m] Started Dispatcher daemon for systemd-networkd.
[[0;32m  OK  [0m] Started Snap Daemon.
         Starting Wait until snapd is fully seeded...
         Starting Time & Date Service...
[[0;32m  OK  [0m] Started Time & Date Service.
[[0;32m  OK  [0m] Started Pollinate to seed the pseudo random number generator.
         Starting OpenBSD Secure Shell server...
[[0;32m  OK  [0m] Started OpenBSD Secure Shell server.
[[0;32m  OK  [0m] Started Wait until snapd is fully seeded.
         Starting Apply the settings specified in cloud-config...
[[0;32m  OK  [0m] Reached target Multi-User System.
[[0;32m  OK  [0m] Reached target Graphical Interface.
         Starting Update UTMP about System Runlevel Changes...
[[0;32m  OK  [0m] Created slice User Slice of vagrant.
         Starting User Manager for UID 1000...
[[0;32m  OK  [0m] Started Update UTMP about System Runlevel Changes.
[[0;32m  OK  [0m] Started Session 1 of user vagrant.
[[0;32m  OK  [0m] Started User Manager for UID 1000.
[   30.551329] cloud-init[1392]: Cloud-init v. 22.2-0ubuntu1~18.04.1 running 'modules:config' at Sun, 12 Jun 2022 01:18:11 +0000. Up 29.38 seconds.
[[0;32m  OK  [0m] Started Apply the settings specified in cloud-config.
         Starting Execute cloud user/final scripts...
ci-info: no authorized SSH keys fingerprints found for user ubuntu.
<14>Jun 12 01:18:13 cloud-init: #############################################################
<14>Jun 12 01:18:13 cloud-init: -----BEGIN SSH HOST KEY FINGERPRINTS-----
<14>Jun 12 01:18:13 cloud-init: 1024 SHA256:s0lALUgEP109mvlkFSnh3cgft0UBE196i+YYVNPb7aw root@ubuntu-bionic (DSA)
<14>Jun 12 01:18:13 cloud-init: 256 SHA256:lkgxTZuFAvhK909YyWEnMTgzoqvkN5QKrHhkLQp8aeM root@ubuntu-bionic (ECDSA)
<14>Jun 12 01:18:13 cloud-init: 256 SHA256:xOo77ZgRUwsdfJnlFAGjJi3NckSakK80IfqKbK0PFZ0 root@ubuntu-bionic (ED25519)
<14>Jun 12 01:18:13 cloud-init: 2048 SHA256:sN4+yjTmUfmw05XineJjzYCUL9Y6bdv0KUG5HaArni8 root@ubuntu-bionic (RSA)
<14>Jun 12 01:18:13 cloud-init: -----END SSH HOST KEY FINGERPRINTS-----
<14>Jun 12 01:18:13 cloud-init: #############################################################
-----BEGIN SSH HOST KEY KEYS-----
ecdsa-sha2-nistp256 AAAAE2VjZHNhLXNoYTItbmlzdHAyNTYAAAAIbmlzdHAyNTYAAABBBDVE7TtNW6xxVugiuEM+RhGPTvcar9wVwcIRnKJuzQye4iLcg+5EFNEIDy2C360bTLKi20UFGhGM9/WCC4eb7x8= root@ubuntu-bionic
ssh-ed25519 AAAAC3NzaC1lZDI1NTE5AAAAIFqZzR09DMt58wg4W7O/dqUfvd5wRX8Z42YV9NgW+hj2 root@ubuntu-bionic
ssh-rsa AAAAB3NzaC1yc2EAAAADAQABAAABAQCvVsvn5FsFhmKIede4O2hHglmNuSFT5mvk5+WF7zObeqq9/OtdVCws5f56WiEJDOOd+yP14Ddp9D8HCfy2YojcMHuh7/Y5J+/oC6AxEnY383TCfbb2cABfddMYRdethRGNf8vlBIPyxDZJTQx+7EOGZrxiQvYPQ8Icx+PCkoalInz0GULw+83q4sA0fVU9h5eUavbN79NN600SVzzK+IRdAgvZ2O2opwcIRIe12oFDCmyCPNfi9Emm4JOl258IWBagjOJ7fHdQKv07jWzFu5ANxaBtZVs0MZyISfbSSzMIlRnZs9IL6wbbXVeddmiLNnI1o60srjlApeMPWGkJjySX root@ubuntu-bionic
-----END SSH HOST KEY KEYS-----
[   31.382845] cloud-init[1493]: Cloud-init v. 22.2-0ubuntu1~18.04.1 running 'modules:final' at Sun, 12 Jun 2022 01:18:13 +0000. Up 31.05 seconds.
[   31.414779] cloud-init[1493]: Cloud-init v. 22.2-0ubuntu1~18.04.1 finished at Sun, 12 Jun 2022 01:18:13 +0000. Datasource DataSourceNoCloud [seed=/dev/sdb][dsmode=net].  Up 31.36 seconds
[[0;32m  OK  [0m] Started Execute cloud user/final scripts.
[[0;32m  OK  [0m] Reached target Cloud-init target.

Ubuntu 18.04.6 LTS ubuntu-bionic ttyS0

ubuntu-bionic login: [45604.453857] INFO: rcu_sched self-detected stall on CPU
[45604.485589] 	0-...!: (1 ticks this GP) idle=2fa/1/0 softirq=28385/28385 fqs=0 
[45604.526421] INFO: rcu_sched detected stalls on CPUs/tasks:
[45604.527113] 	 (t=496784 jiffies g=7762 c=7761 q=0)
[45604.531990] 	0-...!: (1 ticks this GP) idle=2fa/1/0 softirq=28385/28385 fqs=0 
[45604.531991] 	(detected by 1, t=496784 jiffies, g=7762, c=7761, q=0)
[45604.544158] rcu_sched kthread starved for 496784 jiffies! g7762 c7761 f0x0 RCU_GP_WAIT_FQS(3) ->state=0x402 ->cpu=0
[45604.549853] rcu_sched kthread starved for 496784 jiffies! g7762 c7761 f0x0 RCU_GP_WAIT_FQS(3) ->state=0x402 ->cpu=0
